Spot_ID	Pangenome	RGP_Name	Gene_Families
4	GTDB_refseq_s__Vibrio_tarriae_id1717	NZ_CAWNWD010000008.1_RGP_0	AACT71_RS03335,AACT71_RS03340,AACT71_RS03345,AACT71_RS03350,AACT71_RS03355,AACT71_RS03360,AACT71_RS03365,AACT71_RS03370,AACT71_RS03375,AACT71_RS03380,DLR59_RS07500,DLR58_RS17745,DLR59_RS07510,DLR58_RS17735,AACT71_RS03410,AACT71_RS03415,AACT71_RS03420
4	GTDB_refseq_s__Vibrio_tarriae_id1717	NZ_CP022353.1_RGP_6	DLR58_RS05475,CEQ48_RS16905,CEQ48_RS16910,DLR62_RS04655,CEQ48_RS16920,CEQ48_RS16925,CEQ48_RS16930,CEQ48_RS16935,CEQ48_RS16940,DLR58_RS05840,DLR58_RS05835,DLR58_RS05830,DLR58_RS05825
4	GTDB_refseq_s__Vibrio_tarriae_id1717	NZ_QKKH01000016.1_RGP_0	AACT71_RS03335,AACT71_RS03340,AACT71_RS03345,AACT71_RS03350,AACT71_RS03355,AACT71_RS03360,AACT71_RS03365,AACT71_RS03370,AACT71_RS03375,AACT71_RS03380,DLR59_RS07500,DLR58_RS17745,DLR59_RS07510,DLR58_RS17735,AACT71_RS03410,AACT71_RS03415,AACT71_RS03420
32	GTDB_refseq_s__Vibrio_cincinnatiensis_id1690	NZ_SGOO01000006.1_RGP_1	EXA15_RS04630,EXA15_RS04635,EXA15_RS04640,EXA15_RS04645,EXA15_RS04650,EXA15_RS04655,EXA15_RS04660,EXA18_RS12590,EXA18_RS12585,EXA16_RS07805,EXA16_RS13270,EXA15_RS04685,EXA15_RS04690,EXA15_RS04695,EXA15_RS04700
32	GTDB_refseq_s__Vibrio_cincinnatiensis_id1690	NZ_SGOQ01000028.1_RGP_0	EXA19_RS16470,EXA19_RS16475,EXA19_RS16480,EXA17_RS12580,EXA19_RS15255,EXA19_RS15260,EXA19_RS15265,EXA19_RS15270,EXA19_RS15275
