Spot_ID	Pangenome	RGP_Name	Gene_Families
5	GTDB_refseq_s__Vibrio_cincinnatiensis_id1690	NZ_CP035697.1_RGP_13	ET948_RS03800,ET948_RS03805,ET948_RS03810,ET948_RS03815,ET948_RS03820,GPX94_RS02105,ET948_RS03830,GPX94_RS03895
5	GTDB_refseq_s__Vibrio_cincinnatiensis_id1690	NZ_CP046848.1_RGP_14	ET948_RS03800,ET948_RS03805,ET948_RS03810,ET948_RS03815,GPX94_RS03875,GPX94_RS03880,GPX94_RS03885,ET948_RS03830,GPX94_RS03895
16	GTDB_refseq_s__Vibrio_tarriae_id1717	NZ_CAWNWL010000091.1_RGP_0	AACU04_RS15335,AACU04_RS15340,AACU04_RS15345,AACU04_RS15350,AACU04_RS15355,AACU04_RS15360,AACU04_RS15365,AACU04_RS15370,AACU04_RS15375,AACU04_RS15385,AACU04_RS15390,AACU04_RS15395,AACU04_RS15400,AACU04_RS15405
16	GTDB_refseq_s__Vibrio_tarriae_id1717	NZ_CAWNXE010000013.1_RGP_0	AACU00_RS00915,AACU00_RS00920,AACU00_RS00925,AACU00_RS00930,AACU00_RS00935,DLR63_RS04090,DLR63_RS04095,DLR63_RS04100,DLR63_RS04105,AACU00_RS00960,AACU00_RS00965,AACU00_RS00970,AACU00_RS00975,AACU00_RS00980
16	GTDB_refseq_s__Vibrio_tarriae_id1717	NZ_QKKG01000056.1_RGP_0	AACU04_RS15335,AACU04_RS15340,AACU04_RS15345,AACU04_RS15350,AACU04_RS15355,AACU04_RS15360,AACU04_RS15365,AACU04_RS15370,AACU04_RS15375,AACU04_RS15385,AACU04_RS15390,AACU04_RS15395,AACU04_RS15400,AACU04_RS15405
16	GTDB_refseq_s__Vibrio_tarriae_id1717	NZ_QKKL01000010.1_RGP_0	AACU00_RS00915,AACU00_RS00920,AACU00_RS00925,AACU00_RS00930,AACU00_RS00935,DLR63_RS04090,DLR63_RS04095,DLR63_RS04100,DLR63_RS04105,AACU00_RS00960,AACU00_RS00965,AACU00_RS00970,AACU00_RS00975,AACU00_RS00980
16	GTDB_refseq_s__Vibrio_tarriae_id1717	NZ_QKKN01000032.1_RGP_0	DLR65_RS14360,AACU00_RS00935,DLR63_RS04090,DLR63_RS04095,DLR63_RS04100,DLR63_RS04105,DLR65_RS14390
