Spot_ID	Pangenome	RGP_Name	Gene_Families
18	GTDB_refseq_s__Vibrio_neptunius_id1710	NZ_JABSSS010000014.1_RGP_0	AACX92_RS13775,AACX92_RS13780,AACX92_RS13785,AACX92_RS13790,AACX92_RS13795,AACX92_RS13800,AACX92_RS13805,AACX92_RS13810,AACX92_RS13815,AACX92_RS13820,TW84_RS10090,TW84_RS21530,TW84_RS21535,AACX92_RS12570,AACX92_RS12565,AACX92_RS12560,AACX92_RS12555,AACX92_RS12550,JYA58_RS16095
25	GTDB_refseq_s__Vibrio_tarriae_id1717	NZ_QKKN01000006.1_RGP_1	DLR65_RS02955,DLR65_RS02960,DLR65_RS02965,DLR65_RS02970,DLR65_RS02975,DLR65_RS02980,DLR65_RS02985,DLR65_RS02990,DLR65_RS02995
